// Jest Snapshot v1, https://goo.gl/fbAQLP

exports[`Panel element matches snapshot 1`] = `[Function]`;
