// Jest Snapshot v1, https://goo.gl/fbAQLP

exports[`Button element matches snapshot 1`] = `[Function]`;
